V3 3
FL C:/Users/Chiara/Desktop/Progetti/MajorityProva/MajorityProva.vhd 2017/12/07.11:49:18 P.20131013
EN work/MajorityProva 1512644631 \
      FL C:/Users/Chiara/Desktop/Progetti/MajorityProva/MajorityProva.vhd \
      PB ieee/std_logic_1164 1381692176
AR work/MajorityProva/Behavioral 1512644632 \
      FL C:/Users/Chiara/Desktop/Progetti/MajorityProva/MajorityProva.vhd \
      EN work/MajorityProva 1512644631
