V3 3
FL C:/Users/Chiara/Desktop/Progetti/contatore/contatore.vhd 2017/12/11.14:35:21 P.20131013
EN work/contatore 1512999324 \
      FL C:/Users/Chiara/Desktop/Progetti/contatore/contatore.vhd \
      PB ieee/std_logic_1164 1381692176
AR work/contatore/Behavioral 1512999325 \
      FL C:/Users/Chiara/Desktop/Progetti/contatore/contatore.vhd \
      EN work/contatore 1512999324
