V3 3
FL C:/Users/Chiara/Desktop/Progetti/esame/Progetto_esame/Progetto_esame.vhd 2018/02/19.15:14:42 P.20131013
EN work/Tensione_supplementare 1519054634 \
      FL C:/Users/Chiara/Desktop/Progetti/esame/Progetto_esame/Progetto_esame.vhd \
      PB ieee/std_logic_1164 1381692176
AR work/Tensione_supplementare/Behavioral 1519054635 \
      FL C:/Users/Chiara/Desktop/Progetti/esame/Progetto_esame/Progetto_esame.vhd \
      EN work/Tensione_supplementare 1519054634
