V3 3
FL C:/Users/Chiara/Desktop/Progetti/Majority/Majority.vhd 2017/12/07.10:56:21 P.20131013
EN work/Majority 1512640591 \
      FL C:/Users/Chiara/Desktop/Progetti/Majority/Majority.vhd \
      PB ieee/std_logic_1164 1381692176
AR work/Majority/Behavioral 1512640592 \
      FL C:/Users/Chiara/Desktop/Progetti/Majority/Majority.vhd EN work/Majority 1512640591
