V3 3
FL C:/Users/Chiara/Desktop/Progetti/Comparatore2bit/Comparatore2bit.vhd 2017/12/03.10:56:37 P.20131013
EN work/Comparatore2bit 1512295000 \
      FL C:/Users/Chiara/Desktop/Progetti/Comparatore2bit/Comparatore2bit.vhd \
      PB ieee/std_logic_1164 1381692176
AR work/Comparatore2bit/Behavioral 1512295001 \
      FL C:/Users/Chiara/Desktop/Progetti/Comparatore2bit/Comparatore2bit.vhd \
      EN work/Comparatore2bit 1512295000
